64
71
S2 S2 S2 S2 S2 S2 S2 S2 S2 S2 S2 S2 S2 S2 S2 S2 S2 S2 S2 S2 S2 S2 S2 S2 S2 S2 S2 S2 S2 S2 S2 S2 S2 S2 S2 S2 S2 S2 S2 S2 S2 S2 S2 S2 S2 S2 S2 S2 S2 S2 S2 S2 S2 S2 S2 S2 S2 S2 S2 S2 S2 S2 S2 S2 
S2 G G G G G G G G G G G G G G G G M M G G G M M G G G G G G G G G G G G M M G G G M M G G G G G G G G G G G G G G G G G G G G S2 
S2 G G G G G M G M G M G M G G G M G G M G G G M G G G G G G G G M M G G M G G G M G G M G G G M G M G M G M G M G M G G G G G S2 
S2 G G G G G M G M G M G M G G M G G G G M G G M G G G G G G G G M G G G M G G M G G G G M G G M G M G M G M G M G M G G G G G S2 
S2 G M M M M M M M M M M M M M M G G G G M M M M G G G G M G G G M M G G M M M M G G G G M M M M M M M M M M M M M M M M M M G S2 
S2 G G G G G M M M M G M M M G M G M M G G G G G G G G M M M M G G G G G G G G G G M M G M G M M M G M M M G M M M M G G G G G S2 
S2 G M M M M M G G M G M G M G M G M G G G G G G G G G G M M G G G G G G G G G G G M G G M G M G M G M G M G M G G M M M M M G S2 
S2 G G G G G M G G M M M G M M M G M M G G G G G G G G M M M M G G G G G G G G G G M M G M M M G M M M G M M M G G M G G G G G S2 
S2 G M M M M M G G M M M M M M M G G G G M M M M G G G G M G G G M M G G M M M M G G G G M M M M M M M M M M M G G M M M M M G S2 
S2 G G G G G M G G M G G G G G M G G G G M G G M G G G G G G G G M G G G M G G M G G G G M G G G G G G G G G M G G M G G G G G S2 
S2 G M M M M M M G M G G G M G G G G G G G G G M G G G G G G G G M M G G M G G G G M G G G G G M G G G G M G M G G M M M M M G S2 
S2 G G G G G M G M M G M M M G M M G M M M G G M G G M M G M M G M M G G M G G G G G G M G G G G G M G G G G M M G M G G G G G S2 
S2 G M M M M M G G M G G G G G M M G G G G G G M G G M G G M G G M G G G M G G G M G G G G M G G G G G M G G M G G M M M M M G S2 
S2 G G G G G M G G M G G G M G G G G G M G M G M G G M M G M M G M M G G M G G G G M M G G G G M G G G G G G M G G M G G G G G S2 
S2 G M M M M M G G M M G G G G G G G G M G M M M G G G G G G G G G G G G M G G G G M M G M G G G G G G G G G M G M M M M M M G S2 
S2 G G G G G M G G M G M G M G G M M G G G G G M G G G G G G G G G G G G M G M G G G G G G G G G G M G G G G M G M M G G G G G S2 
S2 G M M M M M G G M G G G G G G M M G G M G G M M M M M M G G M M M M M M G G G G M G G G M G M G G G G M G M G G M M M M M G S2 
S2 G G G G G M G G M G M M M M G G G G G G G G M S S S2 M S2 G G S2 M S2 S S M G G G G G G M G G G G M G G G G G M G G M G G G G G S2 
S2 G G G M M M G G M M G G G G G M G G M M G G M S S M M M M M M M M S S M G G G G M G G G M G G G G G M G M M G G M M M G G G S2 
S2 G G M G G G G G G G G M M G G G G G M M G G M S S S2 M S2 M M S2 M S2 S S M G G M G G G G M G G G M G G G G G G G G G G G M G G S2 
S2 G M G G G G M M G G G M M G G G G M G G M G M M M M M M M M M M M M M M G G G G M G G G G G G G G G G M G G M M G G G G M G S2 
S2 G M G G G G M G G G G G G M G G M G G G M G M S S S2 M S2 M M S2 M S2 S S M G G G G G G M G G M G G G M G G G G M G G G G G M G S2 
S2 G M G G G G M M G G M G M M G G G G G M G G M S S M M M M M M M M S S M G G M G G G G M G G G M G G G G G G M M G G G G M G S2 
S2 G G M G G G G G G G G G M M G M G G G M G G M S S S2 M S2 S S S2 M S2 S S M G G M G G G M G M G G G G G G G G G G G G G G M G G S2 
S2 G G G M M M G G M M G G G G M G G M M M M M M M M M M M S S M M M M M M M M M M M G G G G G G G M G G G M M G G M M M G G G S2 
S2 G G G G G M G G M G G M M G G G G G G M M M M G M M G S2 S S S2 G M M G M M M M G G G G G G G G M G G M G G M G G M G G G G G S2 
S2 M G G G G M G G M G G G G G G M G G G M M S2 M G M G G S2 S S S2 G M G G M S2 M M G G G G G G G G G G G G G G M G G M G G G G M S2 
S2 M M M M M M G G M M M M M M M M M M M M M M M G M M G S2 S S S2 G M M G M M M M M M M M M M M M M M M M M M M G G M M M M M M S2 
S2 G G G G G G G G G G G M S S S M S S S M M M G G G G G G G G G G G G G M M G M S S S M S S S M G G G G G G G G G G G G G G G S2 
S2 G G M M G G M M G G G M S S S M S S S M M G G M S M M M M M M M M M G M G G M S S S M S S S M G G G M G M M G G M M G G M M S2 
S2 G G M G G G M G G G G M S2 M S2 M S2 M S2 M M M G M S M M M M M M M M M G M M G M S2 M S2 M S2 M S2 M G M G G G M G G G M G G G M M S2 
S2 G G M M G G M M G G M M M M M M M M M M M M G M G G G G G G G M S S G M M G M M M M M M M M M G G G G G M M G G M M G G G G S2 
S2 G G G G G G G G G G G M M M M M M M M M M G G M G M M M M M G M S M G M G G M M M M M M M M M M G G M G G G G G G G G G G G S2 
S2 G G G M G G G G G M M M S2 M S2 M S2 M S2 M M M G M G M M M M M G M S M G M M G M S2 M S2 M S2 M S2 M G G G G G G G M G G G G G M G S2 
S2 M G M M M M G G G G G G G M M M M M M M M M G M G M M M M M G S S M G M M M M M M M M M M G G G M M G G G M M M M G G G G G S2 
S2 G G G M M G G G G G G G G M M M M M M G G G G M G M M M M G G M M M G G G G G M M M M M M G G G M G G M G G M M G G G M G G S2 
S2 G G M M M M G G G G M G G M M M M M M M M M G M G M M M M M G M S S G M M M M M M M M M M G G G G G G G G M M M M G G M G G S2 
S2 G G G M G G G G M G G M S2 M S2 M S2 M S2 M M M G M G M M M M M G M S M G M M G M S2 M S2 M S2 M S2 M G G M M G G G M G G G G G G G S2 
S2 G G G G G G G G G G G M M M M M M M M M M G G M G M M M M M G M S M G M G G M M M M M M M M M G G G G G G G G G G G G G G G S2 
S2 G G M M G G M M G G M M M M M M M M M M M M G S G G G G G G G S S M G M M G M M M M M M M M M G G G G G M M G G M M G G G G S2 
S2 G G M G G G M G G G G M S2 M S2 M S2 M S2 M M M G M M M M M M M S M M M G M M G M S2 M S2 M S2 M S2 M G M G G G M G G G M G G G G M S2 
S2 G G M M G G M M G M G M S S S M S S S M M G G M M M M M M M S M M M G M G G M S S S M S S S M M G G G G M M G G M M G G G M S2 
S2 G G G G G G G G G G G M S S S M S S S M M M G G G G G G G G G G G G G M M G M S S S M S S S M G G G M G G G G G G G G G G G S2 
S2 M M M M M M G G M M M M M M M M M M M M M M M G M M G S2 S S S2 G M M G M M M M M M M M M M M M M M M M M M M G G M M M M M M S2 
S2 M G G G G M G G M G G G G G G G G G G M M S2 M G M G G S2 S S S2 G M G G M S2 M M G G G G G G G G G G G G G G M G G M G G G G M S2 
S2 G G G G G M G G M G G G M M G G G G G M M M M G M M G S2 S S S2 G M M G M M M M G G G G G G G M G G G G G G M G G M G G G G G S2 
S2 G G G M M M G G M M G G M M G M G M M M M M M M M M M M S S M M M M M M M M M M M G G M G M G M G M M G M M G G M M M G G G S2 
S2 G G M G G G G G G G G G G G G G G G G M G G M S S S2 M S2 S S S2 M S2 S S M G G M G G G G M G G G M M G G G G G G G G G G M G G S2 
S2 G M G G G G M M G G G M M G G M M G G M G G M S S M M M M M M M M S S M G G M G G G M G G G G M M G G G G G M M G G G G M G S2 
S2 G M G G G G M G G G G M G G G M M G M G G G M S S S2 M S2 M M S2 M S2 S S M G G G G G G G G M M G G M G M M G G M G G G G G M G S2 
S2 G M G G G G M M G G G M G G G G G G G G G G M M M M M M M M M M M M M M G G G G M M G G M M G G M G M M G G M M G G G G M G S2 
S2 G G M G G G G G G G G G M G G G M M M M M G M S S S2 M S2 M M S2 M S2 S S M G M G G M M G M G G G G M G G M G G G G G G G M G G S2 
S2 G G G M M M G G M M G G G G M G G G G G G M M S S M M M M M M M M S S M G G M G G G G M G G G M M G G G M M G G M M M G G G S2 
S2 G G G G G M G G M G G M M M M G G M M G G G M S S S2 M S2 G G S2 M S2 S S M G M G G G G G M M G M G G G M G G M G G M G G G G G S2 
S2 G M M M M M G G M G G G G G M G G G G G G G M M M M M M G G M M M M M M G G M G M M G M G G G G G M G M M M G G M M M M M G S2 
S2 G G G G G M G G M G M G G G M G M G M G G G M G G G G G G G G G G G G M G M G G G G G M G G G M M G G G G M G G M G G G G G S2 
S2 G M M M M M G G M G G G M G G M M M G G G G M G G G G G G G G G G G G M G G G G G G G G M G G M M G G G G M G G M M M M M G S2 
S2 G G G G G M G G M G G G G G G G G G G M G G M G G M M G M M G M M G G M G G G G M M M G G M G G G G M M G M G G M G G G G G S2 
S2 G M M M M M G M M G G M M G G G M M M M M G M G G M G G M G G M G G G M G M M G G G G G G G M G G M G M M M G G M M M M M G S2 
S2 G G G G G M G G M G G M M G G G M M G G G G M G G M M G M M G M M G G M G M M G G G G G M M G G M M G M M M M M M G G G G G S2 
S2 G M M M M M G G M G G G G G G M G G G G G G M G G G G G G G G M M G G M G G G G M G G G G M G G G G G G G M M M M M M M M G S2 
S2 G G G G G M G G M G G G G G M G G G G M G G M G G G G G G G G M G G G M G G M G M G G M G M G G G G G G G M G G M G G G G G S2 
S2 G M M M M M G G M M M M M M M G G G G M M M M G G G G M G G G M M G G M M M M G G G G M M M M M M M M M M M G G M M M M M G S2 
S2 G G G G G M G G M M M G M M M G M M G G G G G G G G M M M M G G G G G G G G G G M M G M M M G M M M G M M M G G M G G G G G S2 
S2 G M M M M M G G M G M G M M M G M G G G G G G G G G G M M G G G G G G G G G G G M G G M G M G M G M G M G M G G M M M M M G S2 
S2 G G G G G M M M M G M M M M M G M M G G G G G G G G M M M M G G G G G G G G G G M M G M G M M M G M M M G M M M M G G G G G S2 
S2 G M M M M M M M M M M M M M M G G G G M M M M G G G G M G G G M M G G M M M M G G G G M M M M M M M M M M M M M M M M M M G S2 
S2 G G G G G M G M G M G M G G M G G G G M G G M G G G G G G G G M G G G M G G M G G G G M G G M G M G M G M G M G M G G G G G S2 
S2 G G G G G M G M G M G M G G G M G G M G G G M G G G G G G G G M M G G M G G G M G G M G G G M G M G M G M G M G M G G G G G S2 
S2 G G G G G G G G G G G G G G G G M M G G G M M G G G G G G G G G G G G M M G G G M M G G G G G G G G G G G G G G G G G G G G S2 
S2 S2 S2 S2 S2 S2 S2 S2 S2 S2 S2 S2 S2 S2 S2 S2 S2 S2 S2 S2 S2 S2 S2 S2 S2 S2 S2 S2 S2 S2 S2 S2 S2 S2 S2 S2 S2 S2 S2 S2 S2 S2 S2 S2 S2 S2 S2 S2 S2 S2 S2 S2 S2 S2 S2 S2 S2 S2 S2 S2 S2 S2 S2 S2 
fence 0 0 
fence 1 0 
fence 2 0 
fence 3 0 
fence 4 0 
fence 5 0 
fence 6 0 
fence 7 0 
fence 8 0 
fence 9 0 
fence 10 0 
fence 11 0 
fence 12 0 
fence 13 0 
fence 14 0 
fence 15 0 
fence 16 0 
fence 17 0 
fence 18 0 
fence 19 0 
fence 20 0 
fence 21 0 
fence 22 0 
fence 23 0 
fence 24 0 
fence 25 0 
fence 26 0 
fence 27 0 
fence 28 0 
fence 29 0 
fence 30 0 
fence 31 0 
fence 32 0 
fence 33 0 
fence 34 0 
fence 35 0 
fence 36 0 
fence 37 0 
fence 38 0 
fence 39 0 
fence 40 0 
fence 41 0 
fence 42 0 
fence 43 0 
fence 44 0 
fence 45 0 
fence 46 0 
fence 47 0 
fence 48 0 
fence 49 0 
fence 50 0 
fence 51 0 
fence 52 0 
fence 53 0 
fence 54 0 
fence 55 0 
fence 56 0 
fence 57 0 
fence 58 0 
fence 59 0 
fence 60 0 
fence 61 0 
fence 62 0 
fence 63 0 
fence 0 1 
wall2 22 1 
wall2 23 1 
wall2 36 1 
wall2 37 1 
fence 63 1 
fence 0 2 
wall1 6 2 
wall1 8 2 
wall1 10 2 
wall1 12 2 
wall4 23 2 
factory 32 2 chassis
wall4 36 2 
wall1 47 2 
wall1 49 2 
wall1 51 2 
wall1 53 2 
wall1 55 2 
wall1 57 2 
fence 63 2 
fence 0 3 
wall1 6 3 
wall1 8 3 
wall1 10 3 
wall1 12 3 
wall2 15 3 
wall2 20 3 
wall4 23 3 
wall4 36 3 
wall2 39 3 
wall2 44 3 
wall1 47 3 
wall1 49 3 
wall1 51 3 
wall1 53 3 
wall1 55 3 
wall1 57 3 
fence 63 3 
fence 0 4 
wall1 2 4 
wall1 3 4 
wall1 4 4 
wall1 5 4 
wall4 6 4 
wall4 7 4 
wall4 8 4 
wall4 9 4 
wall4 10 4 
wall4 11 4 
wall4 12 4 
wall4 13 4 
wall4 14 4 
wall2 15 4 
wall2 20 4 
wall4 21 4 
wall4 22 4 
wall4 23 4 
warbase 27 4 2
wall4 36 4 
wall4 37 4 
wall4 38 4 
wall2 39 4 
wall2 44 4 
wall4 45 4 
wall4 46 4 
wall4 47 4 
wall4 48 4 
wall4 49 4 
wall4 50 4 
wall4 51 4 
wall4 52 4 
wall4 53 4 
wall4 54 4 
wall4 55 4 
wall4 56 4 
wall4 57 4 
wall1 58 4 
wall1 59 4 
wall1 60 4 
wall1 61 4 
fence 63 4 
fence 0 5 
wall4 6 5 
factory 17 5 chassis
factory 41 5 electronics
wall4 57 5 
fence 63 5 
fence 0 6 
wall1 2 6 
wall1 3 6 
wall1 4 6 
wall1 5 6 
wall4 6 6 
wall4 57 6 
wall1 58 6 
wall1 59 6 
wall1 60 6 
wall1 61 6 
fence 63 6 
fence 0 7 
wall4 6 7 
wall4 57 7 
fence 63 7 
fence 0 8 
wall1 2 8 
wall1 3 8 
wall1 4 8 
wall1 5 8 
wall4 6 8 
wall4 9 8 
wall4 10 8 
wall4 11 8 
wall4 12 8 
wall4 13 8 
wall4 14 8 
wall2 15 8 
wall2 20 8 
wall4 21 8 
wall4 22 8 
wall4 23 8 
factory 32 8 missiles
wall4 36 8 
wall4 37 8 
wall4 38 8 
wall2 39 8 
wall2 44 8 
wall4 45 8 
wall4 46 8 
wall4 47 8 
wall4 48 8 
wall4 49 8 
wall4 50 8 
wall4 51 8 
wall4 52 8 
wall4 53 8 
wall4 54 8 
wall4 57 8 
wall1 58 8 
wall1 59 8 
wall1 60 8 
wall1 61 8 
fence 63 8 
fence 0 9 
wall4 6 9 
wall4 9 9 
wall2 15 9 
wall2 20 9 
wall4 23 9 
wall4 36 9 
wall2 39 9 
wall2 44 9 
wall4 54 9 
wall4 57 9 
fence 63 9 
fence 0 10 
wall1 2 10 
wall1 3 10 
wall1 4 10 
wall1 5 10 
wall4 6 10 
wall3 7 10 
wall4 9 10 
wall3 13 10 
wall4 23 10 
wall4 36 10 
wall3 41 10 
wall3 47 10 
wall3 52 10 
wall4 54 10 
wall4 57 10 
wall1 58 10 
wall1 59 10 
wall1 60 10 
wall1 61 10 
fence 63 10 
fence 0 11 
wall4 6 11 
wall3 8 11 
wall4 9 11 
wall3 11 11 
wall3 12 11 
wall3 13 11 
wall6 15 11 
wall6 16 11 
wall3 18 11 
wall3 19 11 
wall3 20 11 
wall4 23 11 
factory 26 11 cannons
factory 29 11 electronics
factory 32 11 phasers
wall4 36 11 
wall3 43 11 
wall3 49 11 
wall4 54 11 
wall3 55 11 
wall4 57 11 
fence 63 11 
fence 0 12 
wall1 2 12 
wall1 3 12 
wall1 4 12 
wall1 5 12 
wall4 6 12 
wall4 9 12 
wall6 15 12 
wall6 16 12 
wall4 23 12 
wall4 36 12 
wall3 40 12 
wall3 45 12 
wall3 51 12 
wall4 54 12 
wall4 57 12 
wall1 58 12 
wall1 59 12 
wall1 60 12 
wall1 61 12 
fence 63 12 
fence 0 13 
wall4 6 13 
wall4 9 13 
wall3 13 13 
wall3 19 13 
wall3 21 13 
wall4 23 13 
wall4 36 13 
wall6 41 13 
wall6 42 13 
wall3 47 13 
wall4 54 13 
wall4 57 13 
fence 63 13 
fence 0 14 
wall1 2 14 
wall1 3 14 
wall1 4 14 
wall1 5 14 
wall4 6 14 
wall4 9 14 
wall3 10 14 
wall3 19 14 
wall3 21 14 
wall3 22 14 
wall4 23 14 
wall4 36 14 
wall6 41 14 
wall6 42 14 
wall3 44 14 
wall4 54 14 
wall3 56 14 
wall4 57 14 
wall1 58 14 
wall1 59 14 
wall1 60 14 
wall1 61 14 
fence 63 14 
fence 0 15 
wall4 6 15 
wall4 9 15 
wall3 11 15 
wall3 13 15 
wall6 16 15 
wall6 17 15 
wall4 23 15 
wall4 36 15 
wall3 38 15 
wall3 49 15 
wall4 54 15 
wall3 56 15 
wall4 57 15 
fence 63 15 
fence 0 16 
wall1 2 16 
wall1 3 16 
wall1 4 16 
wall1 5 16 
wall4 6 16 
wall4 9 16 
wall6 16 16 
wall6 17 16 
wall3 20 16 
wall4 23 16 
wall4 24 16 
wall4 25 16 
wall4 26 16 
wall4 27 16 
wall4 28 16 
wall4 31 16 
wall4 32 16 
wall4 33 16 
wall4 34 16 
wall4 35 16 
wall4 36 16 
wall3 41 16 
wall3 45 16 
wall3 47 16 
wall3 52 16 
wall4 54 16 
wall4 57 16 
wall1 58 16 
wall1 59 16 
wall1 60 16 
wall1 61 16 
fence 63 16 
fence 0 17 
wall4 6 17 
wall4 9 17 
wall3 11 17 
wall3 12 17 
wall3 13 17 
wall3 14 17 
wall4 23 17 
wall4 36 17 
wall3 43 17 
wall3 48 17 
wall4 54 17 
wall4 57 17 
fence 63 17 
fence 0 18 
wall2 5 18 
wall2 6 18 
wall2 9 18 
wall2 10 18 
wall3 16 18 
wall6 19 18 
wall6 20 18 
wall4 23 18 
wall2 26 18 
wall4 27 18 
wall4 28 18 
wall4 29 18 
wall4 30 18 
wall4 31 18 
wall4 32 18 
wall2 33 18 
wall4 36 18 
wall3 41 18 
wall3 45 18 
wall3 51 18 
wall2 53 18 
wall2 54 18 
wall2 57 18 
wall2 58 18 
fence 63 18 
fence 0 19 
wall6 12 19 
wall6 13 19 
wall6 19 19 
wall6 20 19 
wall4 23 19 
wall4 36 19 
wall3 39 19 
wall3 44 19 
wall3 48 19 
fence 63 19 
fence 0 20 
factory 7 20 missiles
wall6 12 20 
wall6 13 20 
wall3 18 20 
wall3 21 20 
wall4 23 20 
wall4 24 20 
wall4 25 20 
wall4 26 20 
wall4 27 20 
wall2 28 20 
wall2 31 20 
wall4 32 20 
wall4 33 20 
wall4 34 20 
wall4 35 20 
wall4 36 20 
wall3 41 20 
wall3 52 20 
factory 55 20 phasers
fence 63 20 
fence 0 21 
wall3 14 21 
wall3 17 21 
wall3 21 21 
wall4 23 21 
wall4 36 21 
wall3 43 21 
wall3 46 21 
wall3 50 21 
fence 63 21 
fence 0 22 
wall3 11 22 
wall6 13 22 
wall6 14 22 
wall2 20 22 
wall4 23 22 
wall2 26 22 
wall4 27 22 
wall4 28 22 
wall4 29 22 
wall4 30 22 
wall4 31 22 
wall4 32 22 
wall2 33 22 
wall4 36 22 
wall2 39 22 
wall3 44 22 
wall3 48 22 
fence 63 22 
fence 0 23 
wall6 13 23 
wall6 14 23 
wall3 16 23 
wall2 20 23 
wall4 23 23 
wall4 36 23 
wall2 39 23 
wall3 43 23 
wall3 45 23 
fence 63 23 
fence 0 24 
wall2 5 24 
wall2 6 24 
wall2 9 24 
wall2 10 24 
wall3 15 24 
wall2 18 24 
wall2 19 24 
wall2 20 24 
wall2 21 24 
wall2 22 24 
wall4 23 24 
wall4 24 24 
wall4 25 24 
wall4 26 24 
wall4 27 24 
wall4 28 24 
wall4 31 24 
wall4 32 24 
wall4 33 24 
wall4 34 24 
wall4 35 24 
wall4 36 24 
wall2 37 24 
wall2 38 24 
wall2 39 24 
wall2 40 24 
wall2 41 24 
wall3 49 24 
wall2 53 24 
wall2 54 24 
wall2 57 24 
wall2 58 24 
fence 63 24 
fence 0 25 
wall4 6 25 
wall4 9 25 
wall3 12 25 
wall3 13 25 
wall2 20 25 
wall4 21 25 
wall4 22 25 
wall4 23 25 
factory 25 25 chassis
factory 33 25 electronics
wall4 36 25 
wall4 37 25 
wall4 38 25 
wall2 39 25 
wall3 48 25 
wall3 51 25 
wall4 54 25 
wall4 57 25 
fence 63 25 
fence 0 26 
wall2 1 26 
wall4 6 26 
wall4 9 26 
wall3 16 26 
wall2 20 26 
wall4 21 26 
fence 22 26 
wall4 23 26 
wall4 36 26 
fence 37 26 
wall4 38 26 
wall2 39 26 
wall4 54 26 
wall4 57 26 
wall2 62 26 
fence 63 26 
fence 0 27 
wall2 1 27 
wall4 2 27 
wall4 3 27 
wall4 4 27 
wall4 5 27 
wall4 6 27 
wall4 9 27 
wall4 10 27 
wall4 11 27 
wall4 12 27 
wall4 13 27 
wall4 14 27 
wall4 15 27 
wall4 16 27 
wall4 17 27 
wall4 18 27 
wall4 19 27 
wall4 20 27 
wall4 21 27 
wall4 22 27 
wall4 23 27 
wall4 36 27 
wall4 37 27 
wall4 38 27 
wall4 39 27 
wall4 40 27 
wall4 41 27 
wall4 42 27 
wall4 43 27 
wall4 44 27 
wall4 45 27 
wall4 46 27 
wall4 47 27 
wall4 48 27 
wall4 49 27 
wall4 50 27 
wall4 51 27 
wall4 52 27 
wall4 53 27 
wall4 54 27 
wall4 57 27 
wall4 58 27 
wall4 59 27 
wall4 60 27 
wall4 61 27 
wall2 62 27 
fence 63 27 
fence 0 28 
wall4 12 28 
wall4 16 28 
wall4 20 28 
factory 21 28 chassis
factory 36 28 phasers
wall4 39 28 
wall4 43 28 
wall4 47 28 
fence 63 28 
fence 0 29 
factory 3 29 phasers
factory 7 29 chassis
wall4 12 29 
wall4 16 29 
wall4 20 29 
wall3 24 29 
wall3 31 29 
wall6 33 29 
wall6 34 29 
wall4 39 29 
wall4 43 29 
wall4 47 29 
wall3 51 29 
factory 53 29 electronics
factory 57 29 missiles
wall6 61 29 
wall6 62 29 
fence 63 29 
fence 0 30 
wall4 12 30 
wall2 14 30 
wall4 16 30 
wall2 18 30 
wall4 20 30 
wall3 24 30 
wall3 27 30 
wall3 28 30 
wall3 29 30 
wall6 33 30 
wall6 34 30 
wall4 39 30 
wall2 41 30 
wall4 43 30 
wall2 45 30 
wall4 47 30 
wall3 49 30 
wall6 61 30 
wall6 62 30 
fence 63 30 
fence 0 31 
wall3 11 31 
wall4 12 31 
wall4 14 31 
wall4 16 31 
wall4 18 31 
wall4 20 31 
factory 21 31 chassis
factory 36 31 phasers
wall4 39 31 
wall4 41 31 
wall4 43 31 
wall4 45 31 
wall4 47 31 
fence 63 31 
fence 0 32 
wall4 12 32 
wall4 14 32 
wall4 16 32 
wall4 18 32 
wall4 20 32 
wall3 26 32 
wall4 39 32 
wall4 41 32 
wall4 43 32 
wall4 45 32 
wall4 47 32 
wall3 48 32 
wall3 51 32 
fence 63 32 
fence 0 33 
warbase 3 33 2
wall3 10 33 
wall3 11 33 
wall4 12 33 
wall4 14 33 
wall2 16 33 
wall4 18 33 
wall4 20 33 
wall3 24 33 
warbase 27 33 1
wall4 39 33 
wall4 41 33 
wall2 43 33 
wall4 45 33 
wall4 47 33 
warbase 54 33 2
wall3 61 33 
fence 63 33 
fence 0 34 
wall3 1 34 
wall4 14 34 
wall4 18 34 
wall3 24 34 
wall3 34 34 
wall4 41 34 
wall4 45 34 
wall3 49 34 
wall3 50 34 
fence 63 34 
fence 0 35 
wall4 14 35 
wall4 18 35 
wall4 41 35 
wall4 45 35 
wall3 49 35 
wall3 52 35 
wall3 60 35 
fence 63 35 
fence 0 36 
wall3 11 36 
wall4 14 36 
wall4 18 36 
wall4 41 36 
wall4 45 36 
wall3 60 36 
fence 63 36 
fence 0 37 
wall3 9 37 
wall4 12 37 
wall4 14 37 
wall2 16 37 
wall4 18 37 
wall4 20 37 
factory 21 37 missiles
factory 36 37 cannons
wall4 39 37 
wall4 41 37 
wall2 43 37 
wall4 45 37 
wall4 47 37 
wall3 50 37 
wall3 51 37 
fence 63 37 
fence 0 38 
wall4 12 38 
wall4 14 38 
wall4 16 38 
wall4 18 38 
wall4 20 38 
wall3 30 38 
wall4 39 38 
wall4 41 38 
wall4 43 38 
wall4 45 38 
wall4 47 38 
fence 63 38 
fence 0 39 
factory 3 39 missiles
factory 7 39 electronics
wall3 11 39 
wall4 12 39 
wall4 14 39 
wall4 16 39 
wall4 18 39 
wall4 20 39 
wall4 39 39 
wall4 41 39 
wall4 43 39 
wall4 45 39 
wall4 47 39 
factory 53 39 phasers
factory 57 39 chassis
fence 63 39 
fence 0 40 
wall4 12 40 
wall2 14 40 
wall4 16 40 
wall2 18 40 
wall4 20 40 
factory 21 40 missiles
wall3 25 40 
wall6 33 40 
wall6 34 40 
factory 36 40 cannons
wall4 39 40 
wall2 41 40 
wall4 43 40 
wall2 45 40 
wall4 47 40 
wall3 49 40 
wall3 62 40 
fence 63 40 
fence 0 41 
wall3 10 41 
wall4 12 41 
wall4 16 41 
wall4 20 41 
wall3 24 41 
wall3 27 41 
wall3 28 41 
wall3 29 41 
wall6 33 41 
wall6 34 41 
wall4 39 41 
wall4 43 41 
wall4 47 41 
wall3 48 41 
wall3 62 41 
fence 63 41 
fence 0 42 
wall4 12 42 
wall4 16 42 
wall4 20 42 
wall4 39 42 
wall4 43 42 
wall4 47 42 
wall3 51 42 
fence 63 42 
fence 0 43 
wall2 1 43 
wall4 2 43 
wall4 3 43 
wall4 4 43 
wall4 5 43 
wall4 6 43 
wall4 9 43 
wall4 10 43 
wall4 11 43 
wall4 12 43 
wall4 13 43 
wall4 14 43 
wall4 15 43 
wall4 16 43 
wall4 17 43 
wall4 18 43 
wall4 19 43 
wall4 20 43 
wall4 21 43 
wall4 22 43 
wall4 23 43 
factory 25 43 missiles
factory 33 43 electronics
wall4 36 43 
wall4 37 43 
wall4 38 43 
wall4 39 43 
wall4 40 43 
wall4 41 43 
wall4 42 43 
wall4 43 43 
wall4 44 43 
wall4 45 43 
wall4 46 43 
wall4 47 43 
wall4 48 43 
wall4 49 43 
wall4 50 43 
wall4 51 43 
wall4 52 43 
wall4 53 43 
wall4 54 43 
wall4 57 43 
wall4 58 43 
wall4 59 43 
wall4 60 43 
wall4 61 43 
wall2 62 43 
fence 63 43 
fence 0 44 
wall2 1 44 
wall4 6 44 
wall4 9 44 
wall2 20 44 
wall4 21 44 
fence 22 44 
wall4 23 44 
wall4 36 44 
fence 37 44 
wall4 38 44 
wall2 39 44 
wall4 54 44 
wall4 57 44 
wall2 62 44 
fence 63 44 
fence 0 45 
wall4 6 45 
wall4 9 45 
wall6 13 45 
wall6 14 45 
wall2 20 45 
wall4 21 45 
wall4 22 45 
wall4 23 45 
wall4 36 45 
wall4 37 45 
wall4 38 45 
wall2 39 45 
wall3 47 45 
wall4 54 45 
wall4 57 45 
fence 63 45 
fence 0 46 
wall2 5 46 
wall2 6 46 
wall2 9 46 
wall2 10 46 
wall6 13 46 
wall6 14 46 
wall3 16 46 
wall2 18 46 
wall2 19 46 
wall2 20 46 
wall2 21 46 
wall2 22 46 
wall4 23 46 
wall4 24 46 
wall4 25 46 
wall4 26 46 
wall4 27 46 
wall4 28 46 
wall4 31 46 
wall4 32 46 
wall4 33 46 
wall4 34 46 
wall4 35 46 
wall4 36 46 
wall2 37 46 
wall2 38 46 
wall2 39 46 
wall2 40 46 
wall2 41 46 
wall3 44 46 
wall3 46 46 
wall3 48 46 
wall3 50 46 
wall3 51 46 
wall2 53 46 
wall2 54 46 
wall2 57 46 
wall2 58 46 
fence 63 46 
fence 0 47 
wall2 20 47 
wall4 23 47 
wall4 36 47 
wall2 39 47 
wall3 44 47 
wall6 48 47 
wall6 49 47 
fence 63 47 
fence 0 48 
factory 7 48 missiles
wall3 12 48 
wall3 13 48 
wall6 16 48 
wall6 17 48 
wall2 20 48 
wall4 23 48 
wall2 26 48 
wall4 27 48 
wall4 28 48 
wall4 29 48 
wall4 30 48 
wall4 31 48 
wall4 32 48 
wall2 33 48 
wall4 36 48 
wall2 39 48 
wall3 43 48 
wall6 48 48 
wall6 49 48 
factory 55 48 phasers
fence 63 48 
fence 0 49 
wall3 12 49 
wall6 16 49 
wall6 17 49 
wall3 19 49 
wall4 23 49 
wall4 36 49 
wall6 45 49 
wall6 46 49 
wall3 49 49 
wall6 51 49 
wall6 52 49 
fence 63 49 
fence 0 50 
wall3 12 50 
wall4 23 50 
wall4 24 50 
wall4 25 50 
wall4 26 50 
wall4 27 50 
wall2 28 50 
wall2 31 50 
wall4 32 50 
wall4 33 50 
wall4 34 50 
wall4 35 50 
wall4 36 50 
wall6 41 50 
wall6 42 50 
wall6 45 50 
wall6 46 50 
wall3 49 50 
wall6 51 50 
wall6 52 50 
fence 63 50 
fence 0 51 
wall3 13 51 
wall3 17 51 
wall3 18 51 
wall3 19 51 
wall3 20 51 
wall3 21 51 
wall4 23 51 
wall4 36 51 
wall3 38 51 
wall6 41 51 
wall6 42 51 
wall3 44 51 
wall3 49 51 
wall3 52 51 
fence 63 51 
fence 0 52 
wall2 5 52 
wall2 6 52 
wall2 9 52 
wall2 10 52 
wall3 15 52 
wall3 22 52 
wall4 23 52 
wall2 26 52 
wall4 27 52 
wall4 28 52 
wall4 29 52 
wall4 30 52 
wall4 31 52 
wall4 32 52 
wall2 33 52 
wall4 36 52 
wall3 39 52 
wall3 44 52 
wall3 48 52 
wall3 49 52 
wall2 53 52 
wall2 54 52 
wall2 57 52 
wall2 58 52 
fence 63 52 
fence 0 53 
wall4 6 53 
wall4 9 53 
wall3 12 53 
wall3 13 53 
wall3 14 53 
wall3 15 53 
wall3 18 53 
wall3 19 53 
wall4 23 53 
wall4 36 53 
wall3 38 53 
wall3 44 53 
wall3 45 53 
wall3 47 53 
wall3 51 53 
wall4 54 53 
wall4 57 53 
fence 63 53 
fence 0 54 
wall1 2 54 
wall1 3 54 
wall1 4 54 
wall1 5 54 
wall4 6 54 
wall4 9 54 
wall3 15 54 
wall4 23 54 
wall4 24 54 
wall4 25 54 
wall4 26 54 
wall4 27 54 
wall4 28 54 
wall4 31 54 
wall4 32 54 
wall4 33 54 
wall4 34 54 
wall4 35 54 
wall4 36 54 
wall3 39 54 
wall3 41 54 
wall3 42 54 
wall3 44 54 
wall3 50 54 
wall3 52 54 
wall3 53 54 
wall4 54 54 
wall4 57 54 
wall1 58 54 
wall1 59 54 
wall1 60 54 
wall1 61 54 
fence 63 54 
fence 0 55 
wall4 6 55 
wall4 9 55 
wall3 11 55 
wall3 15 55 
wall3 17 55 
wall3 19 55 
wall4 23 55 
wall4 36 55 
wall3 38 55 
wall3 44 55 
wall6 48 55 
wall6 49 55 
wall4 54 55 
wall4 57 55 
fence 63 55 
fence 0 56 
wall1 2 56 
wall1 3 56 
wall1 4 56 
wall1 5 56 
wall4 6 56 
wall4 9 56 
wall3 13 56 
wall3 16 56 
wall3 17 56 
wall3 18 56 
wall4 23 56 
wall4 36 56 
wall3 45 56 
wall6 48 56 
wall6 49 56 
wall4 54 56 
wall4 57 56 
wall1 58 56 
wall1 59 56 
wall1 60 56 
wall1 61 56 
fence 63 56 
fence 0 57 
wall4 6 57 
wall4 9 57 
wall3 20 57 
wall4 23 57 
factory 26 57 cannons
factory 29 57 electronics
factory 32 57 phasers
wall4 36 57 
wall3 41 57 
wall3 42 57 
wall3 43 57 
wall3 46 57 
wall3 51 57 
wall3 52 57 
wall4 54 57 
wall4 57 57 
fence 63 57 
fence 0 58 
wall1 2 58 
wall1 3 58 
wall1 4 58 
wall1 5 58 
wall4 6 58 
wall3 8 58 
wall4 9 58 
wall6 12 58 
wall6 13 58 
wall6 17 58 
wall6 18 58 
wall3 19 58 
wall3 20 58 
wall3 21 58 
wall4 23 58 
wall4 36 58 
wall6 38 58 
wall6 39 58 
wall3 47 58 
wall3 50 58 
wall6 52 58 
wall6 53 58 
wall4 54 58 
wall4 57 58 
wall1 58 58 
wall1 59 58 
wall1 60 58 
wall1 61 58 
fence 63 58 
fence 0 59 
wall4 6 59 
wall4 9 59 
wall6 12 59 
wall6 13 59 
wall6 17 59 
wall6 18 59 
wall4 23 59 
wall4 36 59 
wall6 38 59 
wall6 39 59 
wall3 45 59 
wall3 46 59 
wall3 49 59 
wall3 50 59 
wall6 52 59 
wall6 53 59 
wall4 54 59 
wall6 55 59 
wall6 56 59 
wall4 57 59 
fence 63 59 
fence 0 60 
wall1 2 60 
wall1 3 60 
wall1 4 60 
wall1 5 60 
wall4 6 60 
wall4 9 60 
wall3 16 60 
wall4 23 60 
factory 32 60 missiles
wall4 36 60 
wall3 41 60 
wall3 46 60 
wall4 54 60 
wall6 55 60 
wall6 56 60 
wall4 57 60 
wall1 58 60 
wall1 59 60 
wall1 60 60 
wall1 61 60 
fence 63 60 
fence 0 61 
wall4 6 61 
wall4 9 61 
wall2 15 61 
wall2 20 61 
wall4 23 61 
wall4 36 61 
wall2 39 61 
wall3 41 61 
wall2 44 61 
wall3 46 61 
wall4 54 61 
wall4 57 61 
fence 63 61 
fence 0 62 
wall1 2 62 
wall1 3 62 
wall1 4 62 
wall1 5 62 
wall4 6 62 
wall4 9 62 
wall4 10 62 
wall4 11 62 
wall4 12 62 
wall4 13 62 
wall4 14 62 
wall2 15 62 
wall2 20 62 
wall4 21 62 
wall4 22 62 
wall4 23 62 
warbase 27 62 2
wall4 36 62 
wall4 37 62 
wall4 38 62 
wall2 39 62 
wall2 44 62 
wall4 45 62 
wall4 46 62 
wall4 47 62 
wall4 48 62 
wall4 49 62 
wall4 50 62 
wall4 51 62 
wall4 52 62 
wall4 53 62 
wall4 54 62 
wall4 57 62 
wall1 58 62 
wall1 59 62 
wall1 60 62 
wall1 61 62 
fence 63 62 
fence 0 63 
wall4 6 63 
wall3 10 63 
wall3 11 63 
factory 17 63 chassis
factory 41 63 cannons
wall4 57 63 
fence 63 63 
fence 0 64 
wall1 2 64 
wall1 3 64 
wall1 4 64 
wall1 5 64 
wall4 6 64 
wall6 13 64 
wall6 14 64 
wall4 57 64 
wall1 58 64 
wall1 59 64 
wall1 60 64 
wall1 61 64 
fence 63 64 
fence 0 65 
wall4 6 65 
wall6 13 65 
wall6 14 65 
wall4 57 65 
fence 63 65 
fence 0 66 
wall1 2 66 
wall1 3 66 
wall1 4 66 
wall1 5 66 
wall4 6 66 
wall4 7 66 
wall4 8 66 
wall4 9 66 
wall4 10 66 
wall4 11 66 
wall4 12 66 
wall4 13 66 
wall4 14 66 
wall2 15 66 
wall2 20 66 
wall4 21 66 
wall4 22 66 
wall4 23 66 
factory 32 66 chassis
wall4 36 66 
wall4 37 66 
wall4 38 66 
wall2 39 66 
wall2 44 66 
wall4 45 66 
wall4 46 66 
wall4 47 66 
wall4 48 66 
wall4 49 66 
wall4 50 66 
wall4 51 66 
wall4 52 66 
wall4 53 66 
wall4 54 66 
wall4 55 66 
wall4 56 66 
wall4 57 66 
wall1 58 66 
wall1 59 66 
wall1 60 66 
wall1 61 66 
fence 63 66 
fence 0 67 
wall1 6 67 
wall1 8 67 
wall1 10 67 
wall1 12 67 
wall2 15 67 
wall2 20 67 
wall4 23 67 
wall4 36 67 
wall2 39 67 
wall2 44 67 
wall1 47 67 
wall1 49 67 
wall1 51 67 
wall1 53 67 
wall1 55 67 
wall1 57 67 
fence 63 67 
fence 0 68 
wall1 6 68 
wall1 8 68 
wall1 10 68 
wall1 12 68 
wall4 23 68 
wall4 36 68 
wall1 47 68 
wall1 49 68 
wall1 51 68 
wall1 53 68 
wall1 55 68 
wall1 57 68 
fence 63 68 
fence 0 69 
wall2 22 69 
wall2 23 69 
wall2 36 69 
wall2 37 69 
fence 63 69 
fence 0 70 
fence 1 70 
fence 2 70 
fence 3 70 
fence 4 70 
fence 5 70 
fence 6 70 
fence 7 70 
fence 8 70 
fence 9 70 
fence 10 70 
fence 11 70 
fence 12 70 
fence 13 70 
fence 14 70 
fence 15 70 
fence 16 70 
fence 17 70 
fence 18 70 
fence 19 70 
fence 20 70 
fence 21 70 
fence 22 70 
fence 23 70 
fence 24 70 
fence 25 70 
fence 26 70 
fence 27 70 
fence 28 70 
fence 29 70 
fence 30 70 
fence 31 70 
fence 32 70 
fence 33 70 
fence 34 70 
fence 35 70 
fence 36 70 
fence 37 70 
fence 38 70 
fence 39 70 
fence 40 70 
fence 41 70 
fence 42 70 
fence 43 70 
fence 44 70 
fence 45 70 
fence 46 70 
fence 47 70 
fence 48 70 
fence 49 70 
fence 50 70 
fence 51 70 
fence 52 70 
fence 53 70 
fence 54 70 
fence 55 70 
fence 56 70 
fence 57 70 
fence 58 70 
fence 59 70 
fence 60 70 
fence 61 70 
fence 62 70 
fence 63 70 
