66
78
M M M M M M M M M M M M M M M M M M M M M M M M M M M M M M M M M M M M M M M M M M M M M M M M M M M M M M M M M M M M M M M M M M 
M M M M M M M M M M M G G G G G G G G M M M M M M M M M M M M M M M M M M M M M M M M M M M M M M M M M M M M M M M M M M M M M M M 
M M M M M M M M M G G G G G G G G G G S S2 S2 M M M M M M M M M M M M M M M M M M M M S2 S2 S2 S2 S2 S S S S S M M M M M M M M M M M M M M 
M M M M M M M G M G M M G M M M M M G S S2 M S2 S2 M S2 S2 S2 M M M M M M M M M M M M S2 S2 S2 S2 S2 S S S S G G G G G G G M M M M M M M M M M 
M M M M M M G G M G M G G G G G M G G S S2 M S2 M M S S S2 M M M M M M M M M M M S2 S2 S S S S S G G G G G G G G G G G G G M M M M M M M 
M M M M M G G G M G M M M M M G M M S S M M S2 M G G S S M S2 M M M M M M M M S2 S2 S S S S G G G G G G G G G G G G G G G G G M M M M M 
M M M M G G G G M G G G G G G G G G S S M M S2 M M G G S M S2 S2 M M M M S2 S2 S2 S2 S S S G G G G G G G G G G G G G G G G G G G G G M M M 
M M M M G G G G M M G G M M M M M M M M M M S2 S M G G S M S2 S2 S2 S2 S2 S2 S2 S S S S S M M M M M G G G G G G G G G G G G G G G G G M M M 
M M M M G G G G G M G G M G G S S S2 M M M M M M M G G M M S S2 S2 S2 S2 S2 S S S S M M G G G G G M G G G G G M M G M G M M G G G G G M M 
M M M M G G G G G G G G G S S S S2 S2 M M M S2 S S G G G M G S S S S S S S S M M G G G M M G G G M G G G G M G G G G M G G G G G G M M 
M M M M G G G G G G G G S S S S2 S2 M M M M S2 S G G G G M G G G G G G G G M G M G G G M G G G G M G G M M M M G M G M M G G G G G M M 
M M M G G G G G G G G G S S2 S2 M M M M M S2 S2 S G G G M M G G G G G G G M G G M G G G M M G G M G G G M G G G G G G G G G G G G G G M 
M M M M M M M M M G G S S S2 M M M M M M S2 S S G G G M G G G G G G M M G G G G G G G G G G M G G M M M M G M G M G M M G G G G G G M 
M M M G M M G G M M G S S2 S2 M M M M M M S2 S G G M M M G G G G M M G G G G G G G G G G M M G G G M G G G G G G G G M G G S2 M M M M M 
M M M G M G G G G S S S S2 M M M M M M S2 S2 S G M M G G G G G M G G G M M G G M G G G M G G G G G M M G M G M G M G M G G S2 G G M G M 
M M M G M M G G G S S2 S2 M M M M M M M S2 S S G M G G G G G M G G G G M M G G M M M M M G G M G G G G G G G G G G G M G G S2 G M M G M 
M M M G G M G G M M S2 M M M M M M M M S2 S G M M G G G G G M G G G G S2 S2 G G G G G G M G M M M M G M G M G M G M G M M G S2 G M G G M 
M M M G M M G G M S2 S2 M M M M M M M S2 S S M M G G G G G M G G G G G M M G G G G G G M G G M M G G G G G G G G G G G G G G G M M G M 
M M M G M G G G M S2 M M M M M M M M S2 S S M G G G G G G M G M M G G S2 S2 G G G G G G M G M M M M G M G M G M G M G G G G G G G G G M 
M M M G M M G G M S2 M M M M M M M M S2 M M M G G G G G M G G M G G G M M G G G G G G G M G M G G G G G G G G G G G G G G G G M M G M 
M M M M M M M M M S2 M M M M M M M M S2 M S G G G G G M G G G M M G G M M G G G G G G G G M M G G G M M G G M G M G M M G S2 G M G G M 
M M M G G S S S S2 S2 M M M M M M M M S2 M G G G G G M G G G G G G G G G G G G G G G G G G G G M M M G G M G G G G G M G G S2 G M M G M 
M M G G S S S S S2 M M M M M M M M M S2 M G G G G M G G M G G G G G G G M M M G G G G G G G G G G G G G G M G M M G M G G S2 G G M G M 
M M G S S S S S S2 M M M M M M M M S2 M M G G G M G G M M M M G G G G M M M M M G G G G G G G G G G G G G M G M G G M G G S2 M M M M M 
M M S S S S S S S2 M M M M M M M M S2 M S G G M G G G G M M G G G G G M M M M M G G G G G G G G G G G G G M G M M G M M G G G G G M M 
M M S S S S S S S2 M M M M M M M M S2 M G G G M G G G M M M M G G G G G M M M M M M M M M G G M M G G M M M G G G G G G G S S M M M M 
M M S S S S S S S2 M M M M M M M M S2 M G G G M G G G G M G M G G G G G G M M M G G G G M G G G G G G G G M G G M G G S S S M M M M M 
M M S S S S S S S2 M M M M M M M M S2 M G G M G G G G G G G M G G G G G G G G M G G G G M G G G G G G G M G G G G G S S2 S2 M M M M M M 
M M G G S S S S S2 M M M M M M M S2 M M G G M M M G G G G M M G M M G M M G G G M G G G M G G M G G G G M G G G S S S2 S2 M M M M M M M 
M G G G G G S S S2 S2 M M M M M M S2 M S G G M G G G G G G M G G M S2 G M G G G G M G G G G G G M G G G M G G G S S2 S2 M M M M M M M M M 
M G G G G G S S S2 S2 S2 M M M M S2 M M S G G M M M G G G G M M G M M G M M G G M G G G G G G G M G G M M G G S S2 S2 M M M M M M M M M M 
M M M M M M G S S S2 S2 M M M S2 S2 M S G G G M G G G G G G G G G G G G G G G G M M M G G M M M M G M G M G M S S2 M M M M M M M M M M M 
M G G G G M G S S S S2 M S2 S2 S S M S G G G M M M G M M G M M G G G G G G G M G G G G G G G G G G M G M M M S2 M M M M M M M M M M M M 
M G G M G M M G S S S2 M S2 S2 S M M G G G G M G G G M G G M S2 G G G G G G G M G G G G G G G G G M G G S S2 S2 M M M M M M M M M M M M M 
M G M M M M G G S S S2 M S2 S S M G G G G G M M M G M M G M M G G G G G G M G G G G G G G G G G M G G S S2 M M M M M M M M M M M M M M 
M G G M M G G G S S S2 M S2 S2 S M G G G G G M G G G G G G G G G G G G G M G G G G G G G G G G G M G G G S M M M M M M M M M M M M M M 
M G M M M M G G S S S2 M M S2 S M G G G G G M M M G G G G G G G G G G M G G G G G G G G G G G M G G M G S S2 M M M M M M M M M M M M M 
M G G M G M M G S S S2 M M S2 S2 M M G G G G M G G G G G G M M G G G G M G G G G G G G G G G G M G M M M M S2 M M M M M M M M M M M M M 
M G G G G M G G S S2 S2 M M M S2 S M G G G G M M M G G G G M G G G G M G G G G G G G G G G G G M G G M M S S2 S2 M M M M M M M M M M M M 
M M M M M M G S S S2 M M M M S2 S M M G G G M G G G G G G M M G G G M M M G G G M M M G G G G M G M M M M S2 S2 M M M M M M M M M M M M 
M S S G G G S S S S2 M M M M M S2 S M G G G M G M M G G G G G G G G M G G G G G G G M G G G M G G G M G G S S2 S2 M M M M M M M M M M M 
M S S S S S S S S S2 M M M M S2 S2 S M G G G M G M G G G G M M G G G M G G G G G G G M G G G M G G G G G G G S S2 M M M M M M M M M M M 
M M S S S S S S S S2 S2 M M M S2 S S M G G G M G M M G G G M G G G G M G G G G G G G M G G G M M G G M M M M M M M M M M M M M M M M M 
M M S S S S S S S S S2 M M M S2 S S M M G S M G G G G G G M M G G G M G G G M G G G M G G G M G G G M G G M S S S S M M M M M M M M M 
M M S2 S2 S2 S2 S S S S S2 M M M S2 S S S M G S S M G G G G G G G G G G G M G G M G G G G G G G M G G G M G G G G M M S M M M M M M M M M 
M M M M M M S2 S2 S2 S2 M M M M M S2 S S S S S S M S S G G M G G G G G G M G G M G G G G G G G M G G G M G G G G M S S M M M M M M M M M 
M M M M M M M M M M M M M M M S2 S2 S2 S2 S2 S S S M S S M M M M G G G G M G G M G G G G G G G M G G G M G G G G M M S M M M M M M M M M 
M M M M M M M M M M M M M M M M M M M M M M M M S S S M M G G G G G M M M M M M G G G M M M M G G M G G M G G S S M M M M M M M M M 
M M M M M M M M M M M M M M M M M M M M M S2 M S2 M S2 M M M M S2 S S S M G G G G G G G G G G M G G G G G G M M M M M M M M M M M M M M 
M M M M M M M M M M M M M M M M M M M M M M M M M M M M M M M S2 S2 M S G G G G G G G G G G M G G M M G G M G S S2 M M M M M M M M M M 
M M M M M M M M M M M M M M M M M M M M M M M M M M M M M M M M M S2 S S G G G G G G G G G G M G M G G G G G S S2 M M M M M M M M M M 
M M M M M M M M M M M M M M M M M M M M M M M M M M M M M M M M M S2 S2 S S G G G G G G G G G M G M M G G G G S S2 M M M M M M M M M M 
M M M M M M M M M S2 S2 S2 S2 M M M M M M M M M M M M M M M M M M M M M S2 S2 S S G G G G G G G G M G G G G G M G S S2 M M M M M M M M M M 
M M M M M M S2 S2 S2 S2 S S S M S2 S2 S2 S2 S2 M M M M M M M M M M M M M M M M S2 S2 S S G G G G G G G M G G M M M M M S S2 S2 M M M M M M M M M 
M M M M M M S2 S S S S S S S M M S S M M M M M S2 M M M M M M M M M M M M S2 S2 S G G G G G G G G M M G G G G G M S S2 S2 M M M M M M M M 
M M M M M S2 S S S S S S G G M S S S S M S S S S2 M S2 S2 S2 S2 M M M M M M M M S2 S S G G G G G G G G G G G G G G M S S S2 S2 S2 M M M M M M 
M M M M M M S S S S G G G G G M G G G M G G S S M S S2 S2 S2 S2 S2 M M M M M M S2 S2 S S G G G G G M M G G G G G G G M S S S S2 S2 S2 M M M M 
M M M M M M S S S G G G G G G M G G G G G M M G M S S S S S2 S2 S2 M M M M M M S2 S2 S S G G G G M G G G M G G G G G M S S S S S2 S2 M M M 
M M M M M M S S S S G G G G G G M G G G G M G G M G G G S S S S2 S2 S2 M M M M M S2 S2 S S G G G M M G M M M M G G G M S S S S S S S2 M M 
M M M M M M M S S S G G G G G G G M M M G M M G M G G G G G S S S2 S2 S2 M M M M M S2 S2 S S G G M M G G M M G G G G M S G S S S S S2 S2 M 
M M M M M M M S2 S S S S S S G G G G G M G G M G M G G G G G G S S S S2 S2 M M M M M S2 S S G G M G G M M M M G G G M G G G S S S S S2 M 
M M M M M M M S2 S S S S S S S S S G G M M M M M M M M M M G G G S S S S2 S2 M M M M S2 S2 S S G M M G G M G G M M G M G G G G S S S S M 
M M M M M M M S2 S2 S S2 S2 S2 S2 S2 S S S M M G G M G M G G G G M G G G S S S S2 M M M M M S2 S2 S G G G G G G G G M G G M G G G M M M M M M 
M M M M M M M M S2 S2 S2 M M M S2 S2 S2 S S G G M M G M G M M G G M G G G G S S S2 M M M M M S2 M M M M M M M G G M M G M S G G M G S S M M 
M M M M M M M M M M M M M M M M S2 S S S G M G G M G M G G G G M G G G G S S2 S2 M M M M M M M M S2 S2 S2 S2 M G G G G M S S M M S M M M M 
M M M M M M M M M M M M M M M M S2 S2 S S S M M G M G M M G G G G M M G G S S2 S2 S2 M M M M M M M M S2 S2 S2 S2 M M M M S S S S S S M S S M 
M M M M M M M M M M M M M M M M M S2 M M S S S G M G G G G G G G G G M M M M M M M M M M M M M M M M S2 S2 S S S S S S S S S S M M S M 
M M M M M M M M M M M M M M M M M S2 S2 M M M M M M M M M G G M M M M M G G M S S2 M M M M M M M M M M M M S2 S2 S2 S2 S2 S S M M S S S S M 
M M M M M S2 S2 M M M M M M M M M M M S2 S2 S S S G G G G M G G M G G G M G M M S S2 M M M M M M M M M M M M M M M M M S2 S S M S M M S M 
M S2 S2 M S S S2 S2 M M M M M M M M M M S2 S2 S S S S G G G G G G G G G G M G M G S S2 M M M M M M M M M M M M M M M M M S2 S2 S M S M S S M 
M S M M S S M M M M M M M M M M M S2 S2 S2 S S S S G G G G G G G G G G M G M M S S2 M M M M M M M M M M M M M M M M M M S2 S M S M M M M 
M S M S S S M S2 S2 M M M M M M M S2 S2 S2 S2 S S S S S G G G G G G G G G M G G M S S2 M M M M M M M M M M M M M M M M M M M M M S S S M M 
M S M M S M M S S2 S2 S2 M M M M S2 S2 S2 S2 S S S S S S S G G G G G G G G M M M M S S2 M M M M M M M M M M M M M M M M M M M M M M M M M M 
M M S M S M S S M M S2 M S2 S2 S2 S2 S2 S2 M M M M M M M S S S S G G G G G G G G M S S2 M M M M M M M M M M M M M M M M M M M M M M M M M M 
M M S S S M M S M S S M M S2 S2 S2 S2 M M M M M M M M M M M S S S G G G G G G S S2 S2 S2 M M M M M M M M M M M M M M M M M M M M M M M M M 
M M M S S S M S M M S S S S M M M M M M M M M M M M M M M M S S S G G G S S S2 S2 S2 M M M M M M M M M M M M M M M M M M M M M M M M M 
M M M M M S S S S M S M M M M M M M M M M M M M M M M M M M M M S S S S S S S2 M M M M M M M M M M M M M M M M M M M M M M M M M M M 
M M M M M M M M M M M M M M M M M M M M M M M M M M M M M M M M M M M M M M M M M M M M M M M M M M M M M M M M M M M M M M M M M M 
wall3 0 0 
wall3 1 0 
wall3 2 0 
wall3 3 0 
wall3 4 0 
wall3 5 0 
wall3 6 0 
wall3 7 0 
wall3 8 0 
wall3 9 0 
wall3 10 0 
wall4 11 0 
wall4 12 0 
wall4 13 0 
wall4 14 0 
wall4 15 0 
wall4 16 0 
wall4 17 0 
wall4 18 0 
wall3 19 0 
wall3 20 0 
wall3 21 0 
wall3 22 0 
wall3 23 0 
wall3 24 0 
wall3 25 0 
wall3 26 0 
wall3 27 0 
wall3 28 0 
wall3 29 0 
wall3 30 0 
wall3 31 0 
wall3 32 0 
wall3 33 0 
wall3 34 0 
wall3 35 0 
wall3 36 0 
wall3 37 0 
wall3 38 0 
wall4 39 0 
wall4 40 0 
wall4 41 0 
wall4 42 0 
wall4 43 0 
wall4 44 0 
wall3 45 0 
wall3 46 0 
wall3 47 0 
wall3 48 0 
wall3 49 0 
wall3 50 0 
wall3 51 0 
wall3 52 0 
wall3 53 0 
wall3 54 0 
wall3 55 0 
wall3 56 0 
wall3 57 0 
wall3 58 0 
wall3 59 0 
wall3 60 0 
wall3 61 0 
wall3 62 0 
wall3 63 0 
wall3 64 0 
wall3 65 0 
wall3 0 1 
wall3 1 1 
wall3 2 1 
wall3 3 1 
wall3 4 1 
wall3 5 1 
wall3 6 1 
wall3 7 1 
wall3 8 1 
wall4 9 1 
wall4 10 1 
wall4 19 1 
wall4 20 1 
wall4 21 1 
wall3 22 1 
wall3 23 1 
wall3 24 1 
wall3 25 1 
wall3 26 1 
wall3 27 1 
wall3 28 1 
wall3 29 1 
wall3 30 1 
wall3 31 1 
wall3 32 1 
wall3 33 1 
wall4 34 1 
wall4 35 1 
wall4 36 1 
wall4 37 1 
wall4 38 1 
wall4 45 1 
wall4 46 1 
wall4 47 1 
wall4 48 1 
wall4 49 1 
wall4 50 1 
wall4 51 1 
wall3 52 1 
wall3 53 1 
wall3 54 1 
wall3 55 1 
wall3 56 1 
wall3 57 1 
wall3 58 1 
wall3 59 1 
wall3 60 1 
wall3 61 1 
wall3 62 1 
wall3 63 1 
wall3 64 1 
wall3 65 1 
wall3 0 2 
wall3 1 2 
wall3 2 2 
wall3 3 2 
wall3 4 2 
wall3 5 2 
wall3 6 2 
wall4 7 2 
wall4 8 2 
wall4 22 2 
wall4 23 2 
wall4 24 2 
wall4 25 2 
wall4 26 2 
wall4 27 2 
wall4 28 2 
wall4 29 2 
wall4 30 2 
wall4 31 2 
wall4 32 2 
wall4 33 2 
wall4 52 2 
wall4 53 2 
wall4 54 2 
wall4 55 2 
wall3 56 2 
wall3 57 2 
wall3 58 2 
wall3 59 2 
wall3 60 2 
wall3 61 2 
wall3 62 2 
wall3 63 2 
wall3 64 2 
wall3 65 2 
wall3 0 3 
wall3 1 3 
wall3 2 3 
wall3 3 3 
wall3 4 3 
wall3 5 3 
wall4 6 3 
wall6 8 3 
factory 10 3 chassis
wall1 13 3 
wall1 14 3 
wall1 15 3 
factory 16 3 chassis
wall4 21 3 
wall1 24 3 
wall6 28 3 
wall4 56 3 
wall4 57 3 
wall4 58 3 
wall3 59 3 
wall3 60 3 
wall3 61 3 
wall3 62 3 
wall3 63 3 
wall3 64 3 
wall3 65 3 
wall3 0 4 
wall3 1 4 
wall3 2 4 
wall3 3 4 
wall3 4 4 
wall4 5 4 
wall6 8 4 
wall4 21 4 
factory 23 4 phasers
wall6 28 4 
wall4 59 4 
wall4 60 4 
wall3 61 4 
wall3 62 4 
wall3 63 4 
wall3 64 4 
wall3 65 4 
wall3 0 5 
wall3 1 5 
wall3 2 5 
wall3 3 5 
wall4 4 5 
wall6 8 5 
wall1 12 5 
wall1 13 5 
wall1 14 5 
wall4 20 5 
wall6 28 5 
wall4 61 5 
wall4 62 5 
wall3 63 5 
wall3 64 5 
wall3 65 5 
wall3 0 6 
wall3 1 6 
wall3 2 6 
wall4 3 6 
wall6 8 6 
wall4 20 6 
wall6 28 6 
wall4 63 6 
wall3 64 6 
wall3 65 6 
wall3 0 7 
wall3 1 7 
wall3 2 7 
wall4 3 7 
wall6 8 7 
wall6 9 7 
wall6 12 7 
wall6 13 7 
wall6 14 7 
wall6 15 7 
wall6 16 7 
wall6 17 7 
wall6 18 7 
wall6 19 7 
wall4 20 7 
wall1 24 7 
wall6 28 7 
wall4 41 7 
wall4 42 7 
wall4 43 7 
wall4 44 7 
wall4 45 7 
wall4 63 7 
wall3 64 7 
wall3 65 7 
wall3 0 8 
wall3 1 8 
wall3 2 8 
wall4 3 8 
wall3 9 8 
wall3 12 8 
wall4 20 8 
wall6 21 8 
wall6 22 8 
wall6 23 8 
wall6 24 8 
wall6 27 8 
wall6 28 8 
wall4 39 8 
wall4 40 8 
wall4 46 8 
factory 52 8 missiles
wall2 55 8 
wall1 57 8 
wall1 58 8 
wall4 64 8 
wall3 65 8 
wall3 0 9 
wall3 1 9 
wall3 2 9 
wall4 3 9 
wall4 19 9 
wall6 27 9 
wall4 37 9 
wall4 38 9 
factory 42 9 nuclear
wall4 47 9 
wall1 57 9 
wall4 64 9 
wall3 65 9 
wall3 0 10 
wall3 1 10 
wall3 2 10 
wall4 3 10 
wall4 18 10 
wall6 27 10 
wall4 36 10 
wall6 38 10 
wall4 47 10 
factory 50 10 chassis
wall2 55 10 
wall1 57 10 
wall1 58 10 
wall4 64 10 
wall3 65 10 
wall3 0 11 
wall3 1 11 
wall4 2 11 
wall4 17 11 
wall6 26 11 
wall6 27 11 
wall4 35 11 
wall6 38 11 
wall4 46 11 
wall4 65 11 
wall3 0 12 
wall3 1 12 
wall4 2 12 
wall6 3 12 
wall6 4 12 
wall6 5 12 
wall6 6 12 
wall6 7 12 
wall6 8 12 
wall4 17 12 
wall6 26 12 
wall4 33 12 
wall4 34 12 
wall4 45 12 
factory 48 12 electronics
wall2 53 12 
wall2 55 12 
wall1 57 12 
wall1 58 12 
wall4 65 12 
wall3 0 13 
wall3 1 13 
wall4 2 13 
factory 4 13 cannons
wall6 8 13 
wall3 9 13 
wall4 16 13 
wall6 24 13 
wall6 25 13 
wall6 26 13 
wall4 31 13 
wall4 32 13 
wall4 43 13 
wall4 44 13 
wall1 57 13 
wall6 61 13 
wall6 62 13 
wall6 63 13 
wall6 64 13 
wall4 65 13 
wall3 0 14 
wall3 1 14 
wall4 2 14 
wall4 16 14 
wall6 23 14 
wall6 24 14 
wall4 30 14 
wall1 34 14 
wall1 35 14 
wall6 38 14 
wall4 42 14 
wall2 51 14 
wall2 53 14 
wall2 55 14 
wall1 57 14 
wall2 63 14 
wall4 65 14 
wall3 0 15 
wall3 1 15 
wall4 2 15 
wall4 16 15 
wall6 23 15 
wall4 29 15 
wall1 34 15 
wall1 35 15 
wall6 38 15 
wall6 39 15 
wall6 40 15 
wall6 41 15 
wall4 42 15 
warbase 44 15 2
wall1 57 15 
factory 62 15 phasers
wall4 65 15 
wall3 0 16 
wall3 1 16 
wall4 2 16 
wall1 5 16 
wall6 8 16 
wall3 9 16 
wall4 15 16 
wall6 22 16 
wall6 23 16 
wall4 29 16 
wall4 42 16 
wall2 49 16 
wall2 51 16 
wall2 53 16 
wall2 55 16 
wall1 57 16 
wall1 58 16 
wall4 65 16 
wall3 0 17 
wall3 1 17 
wall4 2 17 
factory 4 17 electronics
wall6 8 17 
wall4 15 17 
wall6 21 17 
wall6 22 17 
wall4 28 17 
wall1 34 17 
wall1 35 17 
wall4 42 17 
wall4 65 17 
wall3 0 18 
wall3 1 18 
wall4 2 18 
wall6 8 18 
wall4 14 18 
wall6 21 18 
wall4 28 18 
factory 30 18 cannons
wall4 42 18 
wall2 49 18 
wall2 51 18 
wall2 53 18 
wall2 55 18 
wall4 65 18 
wall3 0 19 
wall3 1 19 
wall4 2 19 
wall6 8 19 
wall4 14 19 
wall6 19 19 
wall6 20 19 
wall6 21 19 
wall4 27 19 
wall1 34 19 
wall1 35 19 
wall4 43 19 
factory 62 19 chassis
wall4 65 19 
wall3 0 20 
wall3 1 20 
wall4 2 20 
wall6 3 20 
wall6 4 20 
wall6 5 20 
wall6 6 20 
wall6 7 20 
wall6 8 20 
wall4 13 20 
wall6 19 20 
wall4 26 20 
wall1 34 20 
wall1 35 20 
wall4 44 20 
wall4 45 20 
wall4 49 20 
wall4 50 20 
wall2 53 20 
wall2 55 20 
wall1 57 20 
wall1 58 20 
wall4 65 20 
wall3 0 21 
wall3 1 21 
wall4 2 21 
wall4 13 21 
wall6 19 21 
wall4 25 21 
wall4 46 21 
wall4 47 21 
wall4 48 21 
wall4 51 21 
wall1 57 21 
wall4 65 21 
wall3 0 22 
wall4 1 22 
wall4 13 22 
wall6 19 22 
wall4 24 22 
warbase 26 22 2
wall4 35 22 
wall4 36 22 
wall4 37 22 
wall4 52 22 
factory 54 22 missiles
wall1 57 22 
wall2 63 22 
wall4 65 22 
wall3 0 23 
wall4 1 23 
wall4 12 23 
wall6 18 23 
wall6 19 23 
wall4 23 23 
wall4 34 23 
wall3 35 23 
wall3 36 23 
wall3 37 23 
wall4 38 23 
wall4 52 23 
wall1 57 23 
wall6 61 23 
wall6 62 23 
wall6 63 23 
wall6 64 23 
wall4 65 23 
wall3 0 24 
wall4 1 24 
wall4 12 24 
wall6 18 24 
wall4 22 24 
wall4 34 24 
wall3 35 24 
wall3 36 24 
wall3 37 24 
wall4 38 24 
wall4 52 24 
wall1 57 24 
wall1 58 24 
wall4 64 24 
wall3 65 24 
wall3 0 25 
wall4 1 25 
wall4 12 25 
wall6 18 25 
wall4 22 25 
wall4 35 25 
wall3 36 25 
wall3 37 25 
wall4 38 25 
wall6 39 25 
wall6 40 25 
wall6 41 25 
wall6 42 25 
wall6 43 25 
wall6 46 25 
wall6 47 25 
wall6 50 25 
wall6 51 25 
wall4 52 25 
wall4 62 25 
wall4 63 25 
wall3 64 25 
wall3 65 25 
wall3 0 26 
wall4 1 26 
wall4 12 26 
wall6 18 26 
wall4 22 26 
wall2 29 26 
wall4 36 26 
wall4 37 26 
wall4 38 26 
wall6 43 26 
wall4 52 26 
wall2 55 26 
wall4 61 26 
wall3 62 26 
wall3 63 26 
wall3 64 26 
wall3 65 26 
wall3 0 27 
wall4 1 27 
wall4 11 27 
wall6 18 27 
wall4 21 27 
wall2 29 27 
wall4 38 27 
wall6 43 27 
wall4 51 27 
wall4 60 27 
wall3 61 27 
wall3 62 27 
wall3 63 27 
wall3 64 27 
wall3 65 27 
wall3 0 28 
wall4 1 28 
wall4 11 28 
wall6 17 28 
wall6 18 28 
wall4 21 28 
wall1 22 28 
wall1 23 28 
factory 28 28 chassis
wall6 31 28 
wall3 32 28 
factory 34 28 missiles
wall4 39 28 
wall6 43 28 
wall6 46 28 
wall4 51 28 
wall4 59 28 
wall3 60 28 
wall3 61 28 
wall3 62 28 
wall3 63 28 
wall3 64 28 
wall3 65 28 
wall4 0 29 
wall4 11 29 
wall6 17 29 
wall4 21 29 
wall6 31 29 
wall4 39 29 
wall6 46 29 
wall4 50 29 
wall4 59 29 
wall3 60 29 
wall3 61 29 
wall3 62 29 
wall3 63 29 
wall3 64 29 
wall3 65 29 
wall4 0 30 
wall4 11 30 
wall6 16 30 
wall6 17 30 
wall4 21 30 
wall1 22 30 
wall1 23 30 
wall6 31 30 
wall3 32 30 
wall4 38 30 
wall6 46 30 
wall4 49 30 
wall6 50 30 
wall4 58 30 
wall3 59 30 
wall3 60 30 
wall3 61 30 
wall3 62 30 
wall3 63 30 
wall3 64 30 
wall3 65 30 
wall4 0 31 
wall2 1 31 
wall2 2 31 
wall2 3 31 
wall2 4 31 
wall2 5 31 
wall4 11 31 
wall6 16 31 
wall4 21 31 
wall4 38 31 
wall6 39 31 
wall6 40 31 
wall6 43 31 
wall6 44 31 
wall6 45 31 
wall6 46 31 
wall4 48 31 
wall6 50 31 
wall3 52 31 
wall3 55 31 
wall4 58 31 
wall3 59 31 
wall3 60 31 
wall3 61 31 
wall3 62 31 
wall3 63 31 
wall3 64 31 
wall3 65 31 
wall4 0 32 
wall2 5 32 
wall4 11 32 
wall6 16 32 
wall4 21 32 
wall1 22 32 
wall1 23 32 
factory 25 32 phasers
wall6 28 32 
wall3 29 32 
wall4 37 32 
wall4 48 32 
wall6 50 32 
wall6 51 32 
wall6 52 32 
wall6 55 32 
wall6 56 32 
wall4 57 32 
wall3 58 32 
wall3 59 32 
wall3 60 32 
wall3 61 32 
wall3 62 32 
wall3 63 32 
wall3 64 32 
wall3 65 32 
wall4 0 33 
warbase 2 33 1
wall2 5 33 
wall2 6 33 
wall4 11 33 
wall6 15 33 
wall6 16 33 
wall4 21 33 
wall6 28 33 
wall4 37 33 
wall4 47 33 
wall4 57 33 
wall3 58 33 
wall3 59 33 
wall3 60 33 
wall3 61 33 
wall3 62 33 
wall3 63 33 
wall3 64 33 
wall3 65 33 
wall4 0 34 
wall4 11 34 
wall6 15 34 
wall4 21 34 
wall1 22 34 
wall1 23 34 
wall6 28 34 
wall3 29 34 
wall4 36 34 
wall4 47 34 
wall3 52 34 
factory 53 34 chassis
wall3 55 34 
wall4 57 34 
wall3 58 34 
wall3 59 34 
wall3 60 34 
wall3 61 34 
wall3 62 34 
wall3 63 34 
wall3 64 34 
wall3 65 34 
wall4 0 35 
wall4 11 35 
wall6 15 35 
wall4 21 35 
wall4 35 35 
wall4 47 35 
wall4 57 35 
wall3 58 35 
wall3 59 35 
wall3 60 35 
wall3 61 35 
wall3 62 35 
wall3 63 35 
wall3 64 35 
wall3 65 35 
wall4 0 36 
wall4 11 36 
wall6 15 36 
wall4 21 36 
wall1 22 36 
wall1 23 36 
wall4 34 36 
wall4 46 36 
warbase 48 36 0
wall4 57 36 
wall3 58 36 
wall3 59 36 
wall3 60 36 
wall3 61 36 
wall3 62 36 
wall3 63 36 
wall3 64 36 
wall3 65 36 
wall4 0 37 
wall2 5 37 
wall2 6 37 
wall4 12 37 
wall6 15 37 
wall6 16 37 
wall4 21 37 
factory 28 37 missiles
wall4 34 37 
wall4 46 37 
wall4 57 37 
wall3 58 37 
wall3 59 37 
wall3 60 37 
wall3 61 37 
wall3 62 37 
wall3 63 37 
wall3 64 37 
wall3 65 37 
wall4 0 38 
wall2 5 38 
wall4 12 38 
wall6 16 38 
wall4 21 38 
wall1 22 38 
wall1 23 38 
wall4 33 38 
wall4 46 38 
wall4 56 38 
wall3 57 38 
wall3 58 38 
wall3 59 38 
wall3 60 38 
wall3 61 38 
wall3 62 38 
wall3 63 38 
wall3 64 38 
wall3 65 38 
wall4 0 39 
wall2 1 39 
wall2 2 39 
wall2 3 39 
wall2 4 39 
wall2 5 39 
wall4 12 39 
wall6 16 39 
wall6 17 39 
wall4 21 39 
wall4 33 39 
wall6 34 39 
wall6 35 39 
wall6 39 39 
wall6 40 39 
wall6 41 39 
wall4 46 39 
wall4 56 39 
wall3 57 39 
wall3 58 39 
wall3 59 39 
wall3 60 39 
wall3 61 39 
wall3 62 39 
wall3 63 39 
wall3 64 39 
wall3 65 39 
wall4 0 40 
wall4 12 40 
wall6 17 40 
wall4 21 40 
factory 23 40 chassis
wall4 33 40 
wall6 41 40 
wall4 45 40 
wall4 56 40 
wall3 57 40 
wall3 58 40 
wall3 59 40 
wall3 60 40 
wall3 61 40 
wall3 62 40 
wall3 63 40 
wall3 64 40 
wall3 65 40 
wall4 0 41 
wall4 12 41 
wall6 17 41 
wall4 21 41 
factory 28 41 electronics
wall4 33 41 
wall6 41 41 
wall4 45 41 
wall4 56 41 
wall3 57 41 
wall3 58 41 
wall3 59 41 
wall3 60 41 
wall3 61 41 
wall3 62 41 
wall3 63 41 
wall3 64 41 
wall3 65 41 
wall3 0 42 
wall4 1 42 
wall4 12 42 
wall6 17 42 
wall4 21 42 
wall4 33 42 
wall6 41 42 
wall4 45 42 
wall6 46 42 
wall6 49 42 
wall6 50 42 
wall6 51 42 
wall6 52 42 
wall6 53 42 
wall6 54 42 
wall6 55 42 
wall4 56 42 
wall3 57 42 
wall3 58 42 
wall3 59 42 
wall3 60 42 
wall3 61 42 
wall3 62 42 
wall3 63 42 
wall3 64 42 
wall3 65 42 
wall3 0 43 
wall4 1 43 
wall4 12 43 
wall6 17 43 
wall6 18 43 
wall4 21 43 
wall4 33 43 
wall6 37 43 
wall6 41 43 
wall4 45 43 
wall6 49 43 
wall6 52 43 
wall4 57 43 
wall3 58 43 
wall3 59 43 
wall3 60 43 
wall3 61 43 
wall3 62 43 
wall3 63 43 
wall3 64 43 
wall3 65 43 
wall3 0 44 
wall4 1 44 
wall4 12 44 
wall6 18 44 
wall4 22 44 
wall4 34 44 
wall6 37 44 
wall4 45 44 
wall6 49 44 
factory 54 44 phasers
wall4 57 44 
wall3 58 44 
wall3 59 44 
wall3 60 44 
wall3 61 44 
wall3 62 44 
wall3 63 44 
wall3 64 44 
wall3 65 44 
wall3 0 45 
wall3 1 45 
wall4 2 45 
wall4 12 45 
wall4 22 45 
warbase 26 45 2
wall4 34 45 
wall6 37 45 
wall4 45 45 
wall6 49 45 
wall4 57 45 
wall3 58 45 
wall3 59 45 
wall3 60 45 
wall3 61 45 
wall3 62 45 
wall3 63 45 
wall3 64 45 
wall3 65 45 
wall3 0 46 
wall3 1 46 
wall4 2 46 
wall4 12 46 
wall4 23 46 
wall4 34 46 
wall6 37 46 
wall4 45 46 
wall6 49 46 
wall4 57 46 
wall3 58 46 
wall3 59 46 
wall3 60 46 
wall3 61 46 
wall3 62 46 
wall3 63 46 
wall3 64 46 
wall3 65 46 
wall3 0 47 
wall3 1 47 
wall4 2 47 
wall4 12 47 
wall6 13 47 
wall6 14 47 
wall6 15 47 
wall6 18 47 
wall6 19 47 
wall6 20 47 
wall6 21 47 
wall6 22 47 
wall4 23 47 
wall4 34 47 
wall6 35 47 
wall6 36 47 
wall6 37 47 
wall6 38 47 
wall6 39 47 
wall6 43 47 
wall6 44 47 
wall4 45 47 
wall6 46 47 
wall6 49 47 
wall6 52 47 
wall6 57 47 
wall4 58 47 
wall3 59 47 
wall3 60 47 
wall3 61 47 
wall3 62 47 
wall3 63 47 
wall3 64 47 
wall3 65 47 
wall3 0 48 
wall3 1 48 
wall4 2 48 
wall4 12 48 
wall6 22 48 
wall4 24 48 
wall4 34 48 
wall4 45 48 
wall6 52 48 
wall6 53 48 
wall6 54 48 
wall6 55 48 
wall6 56 48 
wall6 57 48 
wall4 59 48 
wall3 60 48 
wall3 61 48 
wall3 62 48 
wall3 63 48 
wall3 64 48 
wall3 65 48 
wall3 0 49 
wall3 1 49 
wall4 2 49 
wall4 12 49 
factory 14 49 missiles
factory 18 49 chassis
wall6 22 49 
wall4 24 49 
wall4 33 49 
wall4 45 49 
factory 48 49 missiles
wall6 52 49 
wall4 60 49 
wall3 61 49 
wall3 62 49 
wall3 63 49 
wall3 64 49 
wall3 65 49 
wall3 0 50 
wall3 1 50 
wall4 2 50 
wall4 12 50 
wall6 22 50 
wall4 25 50 
wall4 32 50 
wall4 46 50 
wall4 61 50 
wall3 62 50 
wall3 63 50 
wall3 64 50 
wall3 65 50 
wall3 0 51 
wall3 1 51 
wall3 2 51 
wall4 3 51 
wall4 12 51 
wall6 22 51 
wall4 26 51 
wall4 27 51 
wall4 31 51 
wall4 46 51 
wall4 62 51 
wall3 63 51 
wall3 64 51 
wall3 65 51 
wall3 0 52 
wall3 1 52 
wall3 2 52 
wall4 3 52 
wall4 13 52 
wall6 22 52 
wall4 28 52 
wall4 29 52 
wall4 30 52 
wall4 46 52 
wall6 52 52 
wall4 62 52 
wall3 63 52 
wall3 64 52 
wall3 65 52 
wall3 0 53 
wall3 1 53 
wall3 2 53 
wall4 3 53 
wall4 13 53 
wall6 22 53 
wall4 46 53 
wall4 49 53 
wall4 50 53 
wall4 51 53 
wall4 52 53 
wall4 53 53 
wall4 63 53 
wall3 64 53 
wall3 65 53 
wall3 0 54 
wall3 1 54 
wall3 2 54 
wall3 3 54 
wall4 4 54 
wall4 14 54 
wall6 15 54 
wall6 18 54 
wall6 19 54 
wall6 20 54 
wall6 21 54 
wall6 22 54 
wall6 24 54 
wall6 25 54 
wall6 26 54 
wall4 47 54 
wall4 48 54 
wall4 54 54 
wall4 63 54 
wall3 64 54 
wall3 65 54 
wall3 0 55 
wall3 1 55 
wall3 2 55 
wall3 3 55 
wall4 4 55 
wall4 14 55 
wall6 19 55 
wall6 24 55 
wall4 54 55 
wall4 64 55 
wall3 65 55 
wall3 0 56 
wall3 1 56 
wall3 2 56 
wall3 3 56 
wall3 4 56 
wall4 5 56 
wall4 15 56 
wall6 19 56 
wall6 24 56 
factory 46 56 chassis
wall4 55 56 
wall4 64 56 
wall3 65 56 
wall3 0 57 
wall3 1 57 
wall3 2 57 
wall3 3 57 
wall3 4 57 
wall4 5 57 
wall4 15 57 
factory 21 57 chassis
wall6 24 57 
warbase 49 57 2
wall4 56 57 
wall4 64 57 
wall3 65 57 
wall3 0 58 
wall3 1 58 
wall3 2 58 
wall3 3 58 
wall3 4 58 
wall4 5 58 
wall4 16 58 
wall6 24 58 
wall4 56 58 
wall4 65 58 
wall3 0 59 
wall3 1 59 
wall3 2 59 
wall3 3 59 
wall3 4 59 
wall3 5 59 
wall4 6 59 
wall4 17 59 
wall4 18 59 
wall6 19 59 
wall6 24 59 
factory 46 59 missiles
wall4 56 59 
wall4 65 59 
wall3 0 60 
wall3 1 60 
wall3 2 60 
wall3 3 60 
wall3 4 60 
wall3 5 60 
wall4 6 60 
wall4 19 60 
wall1 22 60 
wall6 24 60 
wall4 56 60 
wall4 65 60 
wall3 0 61 
wall3 1 61 
wall3 2 61 
wall3 3 61 
wall3 4 61 
wall4 5 61 
wall6 19 61 
wall4 20 61 
wall4 21 61 
wall4 22 61 
wall4 23 61 
wall4 24 61 
wall4 25 61 
wall4 26 61 
wall4 27 61 
wall4 28 61 
factory 53 61 electronics
wall4 56 61 
wall4 65 61 
wall3 0 62 
wall3 1 62 
wall3 2 62 
wall3 3 62 
wall3 4 62 
wall4 5 62 
wall3 18 62 
wall6 19 62 
wall1 22 62 
wall6 24 62 
wall4 29 62 
wall4 56 62 
wall6 60 62 
wall6 61 62 
wall6 62 62 
wall6 63 62 
wall4 64 62 
wall3 65 62 
wall3 0 63 
wall3 1 63 
wall3 2 63 
wall3 3 63 
wall4 4 63 
factory 21 63 electronics
wall6 24 63 
factory 26 63 missiles
wall4 30 63 
wall4 44 63 
wall4 45 63 
wall4 46 63 
wall4 47 63 
wall4 48 63 
wall4 49 63 
wall4 50 63 
wall4 56 63 
wall6 60 63 
wall4 64 63 
wall3 65 63 
wall3 0 64 
wall3 1 64 
wall3 2 64 
wall3 3 64 
wall4 4 64 
wall6 24 64 
wall4 31 64 
wall4 43 64 
wall4 51 64 
wall4 56 64 
wall3 59 64 
wall6 60 64 
factory 62 64 cannons
wall4 64 64 
wall3 65 64 
wall3 0 65 
wall3 1 65 
wall3 2 65 
wall4 3 65 
wall6 24 65 
wall4 32 65 
wall4 33 65 
wall4 41 65 
wall4 42 65 
wall4 52 65 
wall4 53 65 
wall4 54 65 
wall4 55 65 
wall4 65 65 
wall3 0 66 
wall3 1 66 
wall4 2 66 
factory 3 66 chassis
wall4 11 66 
wall4 12 66 
wall4 13 66 
wall3 18 66 
wall6 19 66 
wall6 24 66 
wall4 34 66 
wall4 35 66 
wall4 36 66 
wall4 37 66 
wall4 38 66 
wall4 39 66 
wall4 40 66 
wall4 65 66 
wall3 0 67 
wall4 1 67 
wall4 10 67 
wall3 11 67 
wall3 12 67 
wall3 13 67 
wall4 14 67 
wall6 19 67 
wall6 20 67 
wall6 21 67 
wall6 22 67 
wall6 23 67 
wall6 24 67 
wall6 25 67 
wall6 26 67 
wall6 27 67 
wall6 30 67 
wall6 31 67 
wall6 32 67 
wall6 33 67 
wall6 34 67 
wall1 37 67 
wall6 40 67 
wall3 59 67 
wall6 60 67 
wall4 65 67 
wall3 0 68 
wall4 1 68 
wall4 9 68 
wall3 10 68 
wall3 11 68 
wall3 12 68 
wall3 13 68 
wall3 14 68 
wall4 15 68 
wall3 27 68 
wall3 30 68 
wall6 34 68 
factory 36 68 chassis
wall6 40 68 
wall6 60 68 
factory 62 68 electronics
wall4 65 68 
wall4 0 69 
wall1 3 69 
wall4 8 69 
wall3 9 69 
wall3 10 69 
wall3 11 69 
wall3 12 69 
wall3 13 69 
wall3 14 69 
wall4 15 69 
wall6 34 69 
wall6 40 69 
wall6 60 69 
wall4 65 69 
wall4 0 70 
factory 2 70 phasers
wall1 6 70 
wall1 7 70 
wall4 8 70 
wall3 9 70 
wall3 10 70 
wall3 11 70 
wall3 12 70 
wall3 13 70 
wall4 14 70 
wall6 34 70 
wall6 40 70 
wall6 60 70 
wall4 64 70 
wall3 65 70 
wall4 0 71 
wall1 6 71 
wall4 9 71 
wall4 10 71 
wall4 11 71 
wall4 12 71 
wall4 13 71 
wall6 34 71 
wall1 37 71 
wall6 40 71 
wall4 56 71 
wall4 57 71 
wall4 58 71 
wall4 59 71 
wall6 60 71 
wall4 64 71 
wall3 65 71 
wall4 0 72 
factory 5 72 missiles
factory 11 72 nuclear
wall6 34 72 
wall6 35 72 
wall6 36 72 
wall6 37 72 
wall6 40 72 
wall4 48 72 
wall4 49 72 
wall4 50 72 
wall4 51 72 
wall4 52 72 
wall4 53 72 
wall4 54 72 
wall4 55 72 
wall3 56 72 
wall3 57 72 
wall3 58 72 
wall3 59 72 
wall4 60 72 
wall4 61 72 
wall4 62 72 
wall4 63 72 
wall3 64 72 
wall3 65 72 
wall3 0 73 
wall4 1 73 
wall1 3 73 
factory 8 73 cannons
wall4 18 73 
wall4 19 73 
wall4 20 73 
wall4 21 73 
wall4 22 73 
wall4 23 73 
wall4 24 73 
wall3 37 73 
wall3 40 73 
wall4 46 73 
wall4 47 73 
wall3 48 73 
wall3 49 73 
wall3 50 73 
wall3 51 73 
wall3 52 73 
wall3 53 73 
wall3 54 73 
wall3 55 73 
wall3 56 73 
wall3 57 73 
wall3 58 73 
wall3 59 73 
wall3 60 73 
wall3 61 73 
wall3 62 73 
wall3 63 73 
wall3 64 73 
wall3 65 73 
wall3 0 74 
wall4 1 74 
wall4 17 74 
wall3 18 74 
wall3 19 74 
wall3 20 74 
wall3 21 74 
wall3 22 74 
wall3 23 74 
wall3 24 74 
wall4 25 74 
wall4 26 74 
wall4 27 74 
wall4 45 74 
wall3 46 74 
wall3 47 74 
wall3 48 74 
wall3 49 74 
wall3 50 74 
wall3 51 74 
wall3 52 74 
wall3 53 74 
wall3 54 74 
wall3 55 74 
wall3 56 74 
wall3 57 74 
wall3 58 74 
wall3 59 74 
wall3 60 74 
wall3 61 74 
wall3 62 74 
wall3 63 74 
wall3 64 74 
wall3 65 74 
wall3 0 75 
wall3 1 75 
wall4 2 75 
wall1 6 75 
wall4 14 75 
wall4 15 75 
wall4 16 75 
wall3 17 75 
wall3 18 75 
wall3 19 75 
wall3 20 75 
wall3 21 75 
wall3 22 75 
wall3 23 75 
wall3 24 75 
wall3 25 75 
wall3 26 75 
wall3 27 75 
wall4 28 75 
wall4 29 75 
wall4 43 75 
wall4 44 75 
wall3 45 75 
wall3 46 75 
wall3 47 75 
wall3 48 75 
wall3 49 75 
wall3 50 75 
wall3 51 75 
wall3 52 75 
wall3 53 75 
wall3 54 75 
wall3 55 75 
wall3 56 75 
wall3 57 75 
wall3 58 75 
wall3 59 75 
wall3 60 75 
wall3 61 75 
wall3 62 75 
wall3 63 75 
wall3 64 75 
wall3 65 75 
wall3 0 76 
wall3 1 76 
wall3 2 76 
wall4 3 76 
wall4 4 76 
wall1 9 76 
wall4 11 76 
wall4 12 76 
wall4 13 76 
wall3 14 76 
wall3 15 76 
wall3 16 76 
wall3 17 76 
wall3 18 76 
wall3 19 76 
wall3 20 76 
wall3 21 76 
wall3 22 76 
wall3 23 76 
wall3 24 76 
wall3 25 76 
wall3 26 76 
wall3 27 76 
wall3 28 76 
wall3 29 76 
wall4 30 76 
wall4 31 76 
wall4 39 76 
wall4 40 76 
wall4 41 76 
wall4 42 76 
wall3 43 76 
wall3 44 76 
wall3 45 76 
wall3 46 76 
wall3 47 76 
wall3 48 76 
wall3 49 76 
wall3 50 76 
wall3 51 76 
wall3 52 76 
wall3 53 76 
wall3 54 76 
wall3 55 76 
wall3 56 76 
wall3 57 76 
wall3 58 76 
wall3 59 76 
wall3 60 76 
wall3 61 76 
wall3 62 76 
wall3 63 76 
wall3 64 76 
wall3 65 76 
wall3 0 77 
wall3 1 77 
wall3 2 77 
wall3 3 77 
wall3 4 77 
wall4 5 77 
wall4 6 77 
wall4 7 77 
wall4 8 77 
wall4 9 77 
wall4 10 77 
wall3 11 77 
wall3 12 77 
wall3 13 77 
wall3 14 77 
wall3 15 77 
wall3 16 77 
wall3 17 77 
wall3 18 77 
wall3 19 77 
wall3 20 77 
wall3 21 77 
wall3 22 77 
wall3 23 77 
wall3 24 77 
wall3 25 77 
wall3 26 77 
wall3 27 77 
wall3 28 77 
wall3 29 77 
wall3 30 77 
wall3 31 77 
wall4 32 77 
wall4 33 77 
wall4 34 77 
wall4 35 77 
wall4 36 77 
wall4 37 77 
wall4 38 77 
wall3 39 77 
wall3 40 77 
wall3 41 77 
wall3 42 77 
wall3 43 77 
wall3 44 77 
wall3 45 77 
wall3 46 77 
wall3 47 77 
wall3 48 77 
wall3 49 77 
wall3 50 77 
wall3 51 77 
wall3 52 77 
wall3 53 77 
wall3 54 77 
wall3 55 77 
wall3 56 77 
wall3 57 77 
wall3 58 77 
wall3 59 77 
wall3 60 77 
wall3 61 77 
wall3 62 77 
wall3 63 77 
wall3 64 77 
wall3 65 77 
