32
64
G G G G G G G G G G G G G G G G G G G G G G G G G G G G G G G G
G G G G G G G G G G G G G G G G G G G G G G G G G G G G G G G G
G G G G G G G G G G H3 G G G G G G G G G G G G G G G G G G G G G
G G G G G G G G G G H2 G G G G G G G G G G G G G G G G G G G G G
G G G G G G G G G G G G G G G G G G G G G G G G G G G G G G G G
G G G G G G G G G G G G G G G G G G G G G G G G G G G G G G G G
G G G G G G G M M G G G G G G G G G G G G G G G G G G G G G G G
G G G G G G G M M G G G G G G G G G G G G G G G G G G G G G G G
G G G G G G G M M G G G G G G G G G G G G G G G G G G G G G G G
G G G G G G G M M G G G G G G G G G G G G G G G G G G G G G G G
G G G G G G G M M G G G G G G G G G G G G G G G G G G G G G G G
G G G G G G G M M G G G G G G G G G G G G G G G G G G G G G G G
G G G G G G G M M G G G G G G G G G G G G G G G G G G G G G G G
G G G G G G G M M G G G G G G G G G G G G G G G G G G G G G G G
G G G G G G G G G G G G G G G G G G G G G G G G G G G G G G G G
G G G G G G G G G G G G G G G G G G G G G G G G G G G G G G G G
G G G G G G G G G G G G G G G G G G G G G G G G G G G G G G G G
G G G G G G G G G G G G G G G G G G G G G G G G G G G G G G G G
G G G G G G G G G G G G G G G G G G G G G G M M G G G G G G G G
G G G G G G G G G G G G G G G G G G G G G G M M G G G G G G G G
G G G G G G G G G G G G G G G G G G G G G G M M G G G G G G G G
G G G G G G G G G G G G G G G G G G G G G G M M G G G G G G G G
G G G G G G G G G G G G G G G G G G G G G G M M G G G G G G G G
G G G G G G G G G G G G G G G G G G G G G G M M G G G G G G G G
G G G G G G G G G G G G G G G G G G G G G G M M G G G G G G G G
G G G G G G G G G G G G G G G G G G G G G G M M G G G G G G G G
H4 H4 H4 H4 H4 H4 H4 H4 H4 H4 H4 H4 H4 H4 H4 H4 H4 H4 H4 H4 H4 H4 H5 G G G G G G G G G
G G G G G G G G G G G G G G G G G G G G G G G G G G G G G G G G
G G G G G G G G G G G G G G G G G G G G G G G G G G G G G G G G
G G G G G G G G G G G G G G G G G G G G G G G G G G G G G G G G
G G G G G G G G G G G G G G G G G G G G G G G G G G G G G G G G
G G G G G G G G G G G G G G G G G G G G G G G G G G G G G G G G
G G G G G G G G G G G G G G G G G G G G G G G G G G G G G G G G
G G G G G G G G G G G G G G G G G G G G G G G G G G G G G G G G
G G G G G G G G G G G G G G G G G G G G G G G G G G G G G G G G
G G G G G G G G G G G G G G G G G G G G G G G G G G G G G G G G
G G G G G G G G G G G G G G G G G G G G G G G G G G G G G G G G
G G G G G G G G G G G G G G G G G G G G G G G G G G G G G G G G
G G G G G G G G G G G G G G G G G G G G G G G G G G G G G G G G
G G G G G G G M M G G G G G G G G G G G G G G G G G G G G G G G
G G G G G G G M M G G G G G G G G G G G G G G G G G G G G G G G
G G G G G G G M M G G G G G G G G G G G G G G G G G G G G G G G
G G G G G G G M M G G G G G G G G G G G G G G G G G G G G G G G
G G G G G G G M M G G G G G G G G G G G G G G G G G G G G G G G
G G G G G G G M M G G G G G G G G G G G G G G G G G G G G G G G
G G G G G G G M M G G G G G G G G G G G G G G G G G G G G G G G
G G G G G G G M M G G G G G G G G G G G G G G G G G G G G G G G
G G G G G G G G G G G G G G G G G G G G G G G G G G G G G G G G
G G G G G G G G G G G G G G G G G G G G G G G G G G G G G G G G
G G G G G G G G G G G G G G G G G G G G G G G G G G G G G G G G
G G G G G G G G G G G G G G G G G G G G G G G G G G G G G G G G
G G G G G G G G G G G G G G G G G G G G G G G G G G G G G G G G
G G G G G G G G G G G G G G G G G G G G G G G G G G G G G G G G
G G G G G G G G G G G G G G G G G G G G G G G G G G G G G G G G
G G G G G G G G G G G G G G G G G G G G G G G G G G G G G G G G
G G G G G G G G G G G G G G G G G G G G G G G G G G G G G G G G
G G G G G G G G G G G G G G G G G G G G G G G G G G G G G G G G
G G G G G G G G G G G G G G G G G G G G G G G G G G G G G G G G
H4 H4 H4 H4 H4 H4 H4 H4 H4 H4 H4 H4 H4 H4 H4 H4 H4 H4 H4 H4 H4 H4 H5 G G G G G G G G G
G G G G G G G G G G G G G G G G G G G G G G G G G G G G G G G G
G G G G G G G G G G G G G G G G G G G G G G G G G G G G G G G G
G G G G G G G G G G G G G G G G G G G G G G G G G G G G G G G G
G G G G G G G G G G G G G G G G G G G G G G G G G G G G G G G G
G G G G G G G G G G G G G G G G G G G G G G G G G G G G G G G G
G G G G G G G G G G G G G G G G G G G G G G G G G G G G G G G G
G G G G G G G G G G G G G G G G G G G G G G G G G G G G G G G G


factory 0 7.0 phasers
factory 4 7.0 missiles
factory 0 11.0 nuclear
factory 4 11.0 chassis
factory 0 15 nuclear
factory 4 15 chassis
factory 0 19 nuclear
factory 28 54 phasers
factory 24 54 missiles
factory 28 50 nuclear
factory 24 50 chassis
factory 14 48 chassis
factory 14 51 nuclear
factory 14 45 nuclear
factory 17 48 phasers
factory 11 48 phasers
factory 17 51 missiles
factory 17 45 chassis
factory 11 45 chassis
factory 11 51 missiles

warbase 0.0 0 1
warbase 26 27 2
warbase 0 27 2
warbase 0 59 2


